11:03:39 **** Incremental Build of configuration Release for project my_free_rtos_project ****
make all 
Building file: ../src/freertos_hello_world.c
Invoking: ARM v8 gcc compiler
aarch64-none-elf-gcc -Wall -O2 -c -fmessage-length=0 -MT"src/freertos_hello_world.o" -I../../my_free_rtos_project_bsp/psu_cortexa53_0/include -MMD -MP -MF"src/freertos_hello_world.d" -MT"src/freertos_hello_world.o" -o "src/freertos_hello_world.o" "../src/freertos_hello_world.c"
Finished building: ../src/freertos_hello_world.c
 
Building target: my_free_rtos_project.elf
Invoking: ARM v8 gcc linker
aarch64-none-elf-gcc -Wl,-T -Wl,../src/lscript.ld -L../../my_free_rtos_project_bsp/psu_cortexa53_0/lib -o "my_free_rtos_project.elf"  ./src/freertos_hello_world.o   -Wl,--start-group,-lxil,-lfreertos,-lgcc,-lc,--end-group
Finished building target: my_free_rtos_project.elf
 
Invoking: ARM v8 Print Size
aarch64-none-elf-size my_free_rtos_project.elf  |tee "my_free_rtos_project.elf.size"
   text	   data	    bss	    dec	    hex	filename
 102064	   7864	  87408	 197336	  302d8	my_free_rtos_project.elf
Finished building: my_free_rtos_project.elf.size
 
11:03:59 **** Incremental Build of configuration Release for project my_free_rtos_project ****
make all 
make: Nothing to be done for 'all'.
11:07:57 **** Incremental Build of configuration Release for project my_free_rtos_project ****
make all 
make: Nothing to be done for 'all'.
11:09:22 **** Auto Build of configuration Release for project my_free_rtos_project ****
make all 
Building file: ../src/freertos_hello_world.c
Invoking: ARM v8 gcc compiler
aarch64-none-elf-gcc -Wall -O2 -c -fmessage-length=0 -MT"src/freertos_hello_world.o" -I../../my_free_rtos_project_bsp/psu_cortexa53_0/include -MMD -MP -MF"src/freertos_hello_world.d" -MT"src/freertos_hello_world.o" -o "src/freertos_hello_world.o" "../src/freertos_hello_world.c"
Finished building: ../src/freertos_hello_world.c
 
Building target: my_free_rtos_project.elf
Invoking: ARM v8 gcc linker
aarch64-none-elf-gcc -Wl,-T -Wl,../src/lscript.ld -L../../my_free_rtos_project_bsp/psu_cortexa53_0/lib -o "my_free_rtos_project.elf"  ./src/freertos_hello_world.o   -Wl,--start-group,-lxil,-lfreertos,-lgcc,-lc,--end-group
Finished building target: my_free_rtos_project.elf
 
Invoking: ARM v8 Print Size
aarch64-none-elf-size my_free_rtos_project.elf  |tee "my_free_rtos_project.elf.size"
   text	   data	    bss	    dec	    hex	filename
 102072	   7864	  87400	 197336	  302d8	my_free_rtos_project.elf
Finished building: my_free_rtos_project.elf.size
 
11:09:27 **** Incremental Build of configuration Release for project my_free_rtos_project ****
make all 
make: Nothing to be done for 'all'.
